[36mvite v5.4.21 [32mbuilding for production...[36m[39m
transforming...
node.exe : node:interna
l/process/promises:394
At line:1 char:1
+ & "C:\Program 
Files\nodejs/node.exe" 
"C:\Program 
Files\nodejs/node_mo 
...
+ ~~~~~~~~~~~~~~~~~~~~~
~~~~~~~~~~~~~~~~~~~~~~~
~~~~~~~~~~~~~~~~~~~~~~~
~~
    + CategoryInfo     
         : NotSpecifi  
  ed: (node:internal   
 /process/promises:    
394:String) [], Re    
moteException
    + FullyQualifiedEr 
   rorId : NativeComm  
  andError
 
    triggerUncaughtExce
ption(err, true /* 
fromPromise */);
    ^

[Failed to load 
PostCSS config: Failed 
to load PostCSS config 
(searchPath: D:/Games/P
roject/ponsangeetha 
mam project 6gnetwork/6
G-network/frontend): 
[Error] Loading 
PostCSS Plugin failed: 
Cannot find module 
'tailwindcss'
Require stack:
- D:\Games\Project\pons
angeetha mam project 6g
network\6G-network\fron
tend\postcss.config.js

(@D:\Games\Project\pons
angeetha mam project 6g
network\6G-network\fron
tend\postcss.config.js)
Error: Loading PostCSS 
Plugin failed: Cannot 
find module 
'tailwindcss'
Require stack:
- D:\Games\Project\pons
angeetha mam project 6g
network\6G-network\fron
tend\postcss.config.js

(@D:\Games\Project\pons
angeetha mam project 6g
network\6G-network\fron
tend\postcss.config.js)
    at load (file:///D:
/Games/Project/ponsange
etha%20mam%20project%20
6gnetwork/6G-network/fr
ontend/node_modules/vit
e/dist/node/chunks/dep-
BK3b2jBa.js:33632:11)
    at file:///D:/Games
/Project/ponsangeetha%2
0mam%20project%206gnetw
ork/6G-network/frontend
/node_modules/vite/dist
/node/chunks/dep-BK3b2j
Ba.js:33657:16
    at Array.map 
(<anonymous>)
    at plugins (file://
/D:/Games/Project/ponsa
ngeetha%20mam%20project
%206gnetwork/6G-network
/frontend/node_modules/
vite/dist/node/chunks/d
ep-BK3b2jBa.js:33656:8)
    at processResult (f
ile:///D:/Games/Project
/ponsangeetha%20mam%20p
roject%206gnetwork/6G-n
etwork/frontend/node_mo
dules/vite/dist/node/ch
unks/dep-BK3b2jBa.js:33
726:14)
    at file:///D:/Games
/Project/ponsangeetha%2
0mam%20project%206gnetw
ork/6G-network/frontend
/node_modules/vite/dist
/node/chunks/dep-BK3b2j
Ba.js:33856:14]

Node.js v24.13.0
